// Jest Snapshot v1, https://goo.gl/fbAQLP

exports[`RichText render DOM structure 1`] = `
<div
  className="widget-rich-text editor-text"
  style={
    Object {
      "height": "320px",
      "width": "480px",
    }
  }
>
  <div
    id="RichText_Div"
    style={
      Object {
        "visibility": "hidden",
      }
    }
  />
</div>
`;
